CHECK:      [0/1] cd {{.*/build}} && /usr/local/bin/cmake -P cmake_install.cmake
CHECK-NEXT: -- Install configuration: "[[BUILD_TYPE]]"
CHECK-NEXT: -- Installing: {{.*/install}}/include/header_only/greeter.hpp
CHECK-NEXT: -- Installing: {{.*/install}}/bin/hello_header_only
CHECK-NEXT: -- Installing: {{.*/install}}/lib/libgreeter_plugin.so
CHECK-NEXT: -- Installing: {{.*/install}}/include/plugin/greeter.hpp
CHECK-NEXT: -- Installing: {{.*/install}}/bin/hello_with_plugin
CHECK-NEXT: -- Installing: {{.*/install}}/lib/libgreeter_shared.so
CHECK-NEXT: -- Installing: {{.*/install}}/include/shared/greeter.hpp
CHECK-NEXT: -- Installing: {{.*/install}}/lib/libfanciful_shared.so
CHECK-NEXT: -- Set non-toolchain portion of runtime path of "{{.*/install}}/lib/libfanciful_shared.so" to ""
CHECK-NEXT: -- Installing: {{.*/install}}/include/shared/fanciful.hpp
CHECK-NEXT: -- Installing: {{.*/install}}/bin/hello_shared
CHECK-NEXT: -- Set non-toolchain portion of runtime path of "{{.*/install}}/bin/hello_shared" to ""
CHECK-NEXT: -- Installing: {{.*/install}}/lib/static/libgreeter_static.a
CHECK-NEXT: -- Installing: {{.*/install}}/include/static-inc/greeter.hpp
CHECK-NEXT: -- Installing: {{.*/install}}/bin/hello_static
CHECK-NEXT: -- Installing: {{.*/install}}/share/doc/llvm_toolchain
CHECK-NEXT: -- Installing: {{.*/install}}/share/doc/llvm_toolchain/source
CHECK-NEXT: -- Installing: {{.*/install}}/share/doc/llvm_toolchain/source/project
CHECK-NEXT: -- Installing: {{.*/install}}/share/doc/llvm_toolchain/source/project/vcpkg.html
CHECK-NEXT: -- Installing: {{.*/install}}/share/doc/llvm_toolchain/source/project/cmake.html
CHECK-NEXT: -- Installing: {{.*/install}}/share/doc/llvm_toolchain/LICENCE.html
CHECK-NEXT: -- Installing: {{.*/install}}/share/doc/llvm_toolchain/CODE_OF_CONDUCT.html
CHECK-NEXT: -- Installing: {{.*/install}}/share/doc/llvm_toolchain/searchindex.js
CHECK-NEXT: -- Installing: {{.*/install}}/share/doc/llvm_toolchain/_static
CHECK-NEXT: -- Installing: {{.*/install}}/share/doc/llvm_toolchain/_static/plus.png
CHECK-NEXT: -- Installing: {{.*/install}}/share/doc/llvm_toolchain/_static/dialog-topic.png
CHECK-NEXT: -- Installing: {{.*/install}}/share/doc/llvm_toolchain/_static/documentation_options.js
CHECK-NEXT: -- Installing: {{.*/install}}/share/doc/llvm_toolchain/_static/footerbg.png
CHECK-NEXT: -- Installing: {{.*/install}}/share/doc/llvm_toolchain/_static/dialog-todo.png
CHECK-NEXT: -- Installing: {{.*/install}}/share/doc/llvm_toolchain/_static/transparent.gif
CHECK-NEXT: -- Installing: {{.*/install}}/share/doc/llvm_toolchain/_static/epub.css
CHECK-NEXT: -- Installing: {{.*/install}}/share/doc/llvm_toolchain/_static/sphinx_highlight.js
CHECK-NEXT: -- Installing: {{.*/install}}/share/doc/llvm_toolchain/_static/dialog-warning.png
CHECK-NEXT: -- Installing: {{.*/install}}/share/doc/llvm_toolchain/_static/middlebg.png
CHECK-NEXT: -- Installing: {{.*/install}}/share/doc/llvm_toolchain/_static/pyramid.css
CHECK-NEXT: -- Installing: {{.*/install}}/share/doc/llvm_toolchain/_static/file.png
CHECK-NEXT: -- Installing: {{.*/install}}/share/doc/llvm_toolchain/_static/dialog-note.png
CHECK-NEXT: -- Installing: {{.*/install}}/share/doc/llvm_toolchain/_static/minus.png
CHECK-NEXT: -- Installing: {{.*/install}}/share/doc/llvm_toolchain/_static/ie6.css
CHECK-NEXT: -- Installing: {{.*/install}}/share/doc/llvm_toolchain/_static/searchtools.js
CHECK-NEXT: -- Installing: {{.*/install}}/share/doc/llvm_toolchain/_static/headerbg.png
CHECK-NEXT: -- Installing: {{.*/install}}/share/doc/llvm_toolchain/_static/doctools.js
CHECK-NEXT: -- Installing: {{.*/install}}/share/doc/llvm_toolchain/_static/language_data.js
CHECK-NEXT: -- Installing: {{.*/install}}/share/doc/llvm_toolchain/_static/basic.css
CHECK-NEXT: -- Installing: {{.*/install}}/share/doc/llvm_toolchain/_static/dialog-seealso.png
CHECK-NEXT: -- Installing: {{.*/install}}/share/doc/llvm_toolchain/_static/pygments.css
CHECK-NEXT: -- Installing: {{.*/install}}/share/doc/llvm_toolchain/genindex.html
CHECK-NEXT: -- Installing: {{.*/install}}/share/doc/llvm_toolchain/index.html
CHECK-NEXT: -- Installing: {{.*/install}}/share/doc/llvm_toolchain/search.html
CHECK-NEXT: -- Installing: {{.*/install}}/lib/cmake/project_name/project_name-config.cmake
CHECK-NEXT: -- Installing: {{.*/install}}/lib/cmake/project_name/project_name-config-[[build_type]].cmake
