CHECK-CMAKE:       -- The C compiler identification is Clang {{[0-9.]+}}
CHECK-CMAKE-NEXT:  -- The CXX compiler identification is Clang {{[0-9.]+}}
CHECK-CMAKE-NEXT:  -- Detecting C compiler ABI info
CHECK-CMAKE-NEXT:  -- Detecting C compiler ABI info - done
CHECK-CMAKE-NEXT:  -- Check for working C compiler: /usr/bin/clang - skipped
CHECK-CMAKE-NEXT:  -- Detecting C compile features
CHECK-CMAKE-NEXT:  -- Detecting C compile features - done
CHECK-CMAKE-NEXT:  -- Detecting CXX compiler ABI info
CHECK-CMAKE-NEXT:  -- Detecting CXX compiler ABI info - done
CHECK-CMAKE-NEXT:  -- Check for working CXX compiler: /usr/bin/clang++ - skipped
CHECK-CMAKE-NEXT:  -- Detecting CXX compile features
CHECK-CMAKE-NEXT:  -- Detecting CXX compile features - done
CHECK-CMAKE-NEXT:  -- Building with C++23 (extensions enabled)
CHECK-CMAKE-NEXT:  -- Bootstrapping vcpkg before install
CHECK-CMAKE-NEXT:  -- Bootstrapping vcpkg before install - done
CHECK-CMAKE-NEXT:  -- Running vcpkg install
CHECK-CMAKE-NEXT:  Detecting compiler hash for triplet x64-linux...
CHECK-CMAKE-NEXT:  Compiler found: /usr/bin/c++
CHECK-CMAKE-NEXT:  Detecting compiler hash for triplet vcpkg_toolchain_file...
CHECK-CMAKE-NEXT:  Compiler found: /usr/bin/clang++
CHECK-CMAKE-NEXT:  The following packages will be built and installed:
CHECK-CMAKE-NEXT:      catch2:vcpkg_toolchain_file@{{.*}}
CHECK-CMAKE-NEXT:    * vcpkg-cmake:x64-linux@{{.*}}
CHECK-CMAKE-NEXT:    * vcpkg-cmake-config:x64-linux@{{.*}}
CHECK-CMAKE:       {{.+/llvm/Output}}/[[BUILD_TYPE]].test.tmp/build/vcpkg_toolchain_file.cmake: info: loaded overlay triplet from here
CHECK-CMAKE:       -- Running vcpkg install - done
CHECK-CMAKE-NEXT:  -- Build type: [[BUILD_TYPE]]
CHECK-CMAKE-NEXT:  -- Found Python3: {{.+/python[0-9.]*}} (found version "{{[0-9.]+}}") found components: Interpreter
CHECK-CMAKE-NEXT:  -- Found Sphinx: {{.+/sphinx-build}}
CHECK-CMAKE-NEXT:  -- Configuring done ({{[0-9.]+s}})
CHECK-CMAKE-NEXT:  -- Generating done ({{[0-9.]+s}})
CHECK-CMAKE-NEXT:  -- Build files have been written to: {{.+/build}}
