CHECK: Hello, world!
CHECK-FANCY: fancy Hello, world!
